$ qt4-qtconfig
sh: qt4-qtconfig: not found
$ sudo pkg instll misc/qt4-qtconfig
pkg: unknown command: instll

For more information on available commands and options see 'pkg help'.
$ sudo pkg install misc/qt4-qtconfig
Updating FreeBSD repository catalogue...
FreeBSD repository is up to date.
All repositories are up to date.
pkg: No packages available to install matching 'misc/qt4-qtconfig' have been found in the repositories
$ sudo pkg install qt4-qtconfig
Updating FreeBSD repository catalogue...
FreeBSD repository is up to date.
All repositories are up to date.
pkg: No packages available to install matching 'qt4-qtconfig' have been found in the repositories
$ sudo pkg install lxappearance
Updating FreeBSD repository catalogue...
FreeBSD repository is up to date.
All repositories are up to date.
The following 1 package(s) will be affected (of 0 checked):

New packages to be INSTALLED:
        lxappearance: 0.6.3

Number of packages to be installed: 1

82 KiB to be downloaded.

Proceed with this action? [y/N]: y
[1/1] Fetching lxappearance-0.6.3.txz: 100%   82 KiB  83.6kB/s    00:01    
Checking integrity... done (0 conflicting)
[1/1] Installing lxappearance-0.6.3...
[1/1] Extracting lxappearance-0.6.3: 100%
$ lxappearance


